// Jest Snapshot v1, https://goo.gl/fbAQLP

exports[`<AddInventory /> matches snapshot in add mode 1`] = `<ActivityIndicator />`;

exports[`<AddInventory /> matches snapshot in edit mode 1`] = `<ActivityIndicator />`;
