// Jest Snapshot v1, https://goo.gl/fbAQLP

exports[`<InventoryList /> matches snapshot 1`] = `<ActivityIndicator />`;
